<?xml version="1.0" encoding="UTF-8"?>
<testsuites name="Mocha Tests" time="14.721" tests="5" failures="0">
  <testsuite name="Root Suite" timestamp="2023-09-19T09:48:46" tests="0" file="cypress\e2e\demoWebShop\search.cy.js" time="0.000" failures="0">
  </testsuite>
  <testsuite name="Feature Search Product" timestamp="2023-09-19T09:48:46" tests="5" time="14.716" failures="0">
    <testcase name="Feature Search Product Search with less than 3 character" time="2.726" classname="Search with less than 3 character">
    </testcase>
    <testcase name="Feature Search Product Search not found" time="2.200" classname="Search not found">
    </testcase>
    <testcase name="Feature Search Product Search found" time="2.190" classname="Search found">
    </testcase>
    <testcase name="Feature Search Product Change view of product from Grid to List" time="3.200" classname="Change view of product from Grid to List">
    </testcase>
    <testcase name="Feature Search Product Change view of product from List to Grid" time="4.260" classname="Change view of product from List to Grid">
    </testcase>
  </testsuite>
</testsuites>